Router(config-if)#ip ad
Router(config-if)#ip address 172.20.0.1 255.255.255.0
Router(config-if)#exit
Router(config)#interface loopback 1

Router(config-if)#
%LINK-5-CHANGED: Interface Loopback1, changed state to up

%LINEPROTO-5-UPDOWN: Line protocol on Interface Loopback1, changed state to up

Router(config-if)#ip address 172.20.1.1 255.255.255.0
Router(config-if)#exit
Router(config)#interface loopback 2

Router(config-if)#
%LINK-5-CHANGED: Interface Loopback2, changed state to up

%LINEPROTO-5-UPDOWN: Line protocol on Interface Loopback2, changed state to up

Router(config-if)#ip address 172.20.2.1 255.255.255.0
Router(config-if)#exit
Router(config)#
Router(config)#rou
Router(config)#router ri
Router(config)#router rip 
Router(config-router)#ver
Router(config-router)#version 2
Router(config-router)#redis
Router(config-router)#redistribute rip
Router(config-router)#redistribute rip su
Router(config-router)#redistribute rip sub
Router(config-router)#redistribute rip subnet
Router(config-router)#redistribute rip subnets
                                       ^
% Invalid input detected at '^' marker.
	
Router(config-router)#redistribu
Router(config-router)#redistribute ri
Router(config-router)#redistribute rip su
Router(config-router)#net
Router(config-router)#network 172.20.0.1
Router(config-router)#net
Router(config-router)#network 172.20.1.1
Router(config-router)#net
Router(config-router)#network 172.20.2.1
Router(config-router)#
Router(config-router)#re
Router(config-router)#redistribute ?
  connected  Connected
  eigrp      Enhanced Interior Gateway Routing Protocol (EIGRP)
  metric     Metric for redistributed routes
  ospf       Open Shortest Path First (OSPF)
  rip        Routing Information Protocol (RIP)
  static     Static routes
Router(config-router)#redistribute rip ?
  metric  Metric for redistributed routes
  <cr>
Router(config-router)#redistribute rip s
Router(config-router)#redistribute rip
redistribution of "rip" via "rip" not allowed
Router(config-router)#exit
Router(config)#rou
Router(config)#router ri
Router(config)#router rip 
Router(config-router)#ver
Router(config-router)#version 2
Router(config-router)#net
% Incomplete command.
Router(config-router)#net
Router(config-router)#network 172.20.0.1 0.0.0.255
                                         ^
% Invalid input detected at '^' marker.
	
Router(config-router)#network 172.20.0.1 ?
  <cr>
Router(config-router)#network 172.20.0.1
Router(config-router)#network 172.20.0.1
Router(config-router)#net
Router(config-router)#network 172.20.1.1
Router(config-router)#network 172.20.2.1
Router(config-router)#exit
Router(config)#do show ip route
Codes: C - connected, S - static, I - IGRP, R - RIP, M - mobile, B - BGP
       D - EIGRP, EX - EIGRP external, O - OSPF, IA - OSPF inter area
       N1 - OSPF NSSA external type 1, N2 - OSPF NSSA external type 2
       E1 - OSPF external type 1, E2 - OSPF external type 2, E - EGP
       i - IS-IS, L1 - IS-IS level-1, L2 - IS-IS level-2, ia - IS-IS inter area
       * - candidate default, U - per-user static route, o - ODR
       P - periodic downloaded static route

Gateway of last resort is not set

     10.0.0.0/24 is subnetted, 1 subnets
C       10.3.3.0 is directly connected, Serial2/0
     172.20.0.0/24 is subnetted, 3 subnets
C       172.20.0.0 is directly connected, Loopback0
C       172.20.1.0 is directly connected, Loopback1
C       172.20.2.0 is directly connected, Loopback2

Router(config)#rou
Router(config)#router rip
Router(config)#router rip 
Router(config-router)#re
Router(config-router)#redistribute os
Router(config-router)#redistribute ospf sub
Router(config-router)#redistribute ospf sub
Router(config-router)#redistribute ospf ?
  <1-65535>  Process ID
Router(config-router)#redistribute ospf 1
Router(config-router)#exit
Router(config)#do show ip route
Codes: C - connected, S - static, I - IGRP, R - RIP, M - mobile, B - BGP
       D - EIGRP, EX - EIGRP external, O - OSPF, IA - OSPF inter area
       N1 - OSPF NSSA external type 1, N2 - OSPF NSSA external type 2
       E1 - OSPF external type 1, E2 - OSPF external type 2, E - EGP
       i - IS-IS, L1 - IS-IS level-1, L2 - IS-IS level-2, ia - IS-IS inter area
       * - candidate default, U - per-user static route, o - ODR
       P - periodic downloaded static route

Gateway of last resort is not set

     10.0.0.0/24 is subnetted, 1 subnets
C       10.3.3.0 is directly connected, Serial2/0
     172.20.0.0/24 is subnetted, 3 subnets
C       172.20.0.0 is directly connected, Loopback0
C       172.20.1.0 is directly connected, Loopback1
C       172.20.2.0 is directly connected, Loopback2

Router(config)#show ip rou
Router(config)#show ip rou
                ^
% Invalid input detected at '^' marker.
	
Router(config)#do show ip route
Codes: C - connected, S - static, I - IGRP, R - RIP, M - mobile, B - BGP
       D - EIGRP, EX - EIGRP external, O - OSPF, IA - OSPF inter area
       N1 - OSPF NSSA external type 1, N2 - OSPF NSSA external type 2
       E1 - OSPF external type 1, E2 - OSPF external type 2, E - EGP
       i - IS-IS, L1 - IS-IS level-1, L2 - IS-IS level-2, ia - IS-IS inter area
       * - candidate default, U - per-user static route, o - ODR
       P - periodic downloaded static route

Gateway of last resort is not set

     10.0.0.0/24 is subnetted, 1 subnets
C       10.3.3.0 is directly connected, Serial2/0
     172.20.0.0/24 is subnetted, 3 subnets
C       172.20.0.0 is directly connected, Loopback0
C       172.20.1.0 is directly connected, Loopback1
C       172.20.2.0 is directly connected, Loopback2

Router(config)#
%LINEPROTO-5-UPDOWN: Line protocol on Interface Serial2/0, changed state to down

%LINEPROTO-5-UPDOWN: Line protocol on Interface Serial2/0, changed state to up

Router(config)#rou
Router(config)#router rip
Router(config-router)#version 2
Router(config-router)#network 10.3.3.0
Router(config-router)#no au
Router(config-router)#no auto-summary 
Router(config-router)#exit
Router(config)#








Router con0 is now available






Press RETURN to get started.













Router>en
Router>enable 
Router#wr mem
Building configuration...
[OK]
Router#